0 verbose cli C:\Program Files\nodejs\node.exe C:\Program Files\nodejs\node_modules\npm\bin\npm-cli.js
1 info using npm@10.9.4
2 info using node@v22.21.1
3 silly config load:file:C:\Program Files\nodejs\node_modules\npm\npmrc
4 silly config load:file:C:\Users\kasicons479\Desktop\ci-cd-learning\.npmrc
5 silly config load:file:C:\Users\kasicons479\.npmrc
6 silly config load:file:C:\Users\kasicons479\AppData\Roaming\npm\etc\npmrc
7 verbose title npm install jest
8 verbose argv "install" "--save-dev" "jest"
9 verbose logfile logs-max:10 dir:C:\Users\kasicons479\Desktop\ci-cd-learning\clean\_logs\2026-09-02T04_45_01_014Z-
10 verbose logfile C:\Users\kasicons479\Desktop\ci-cd-learning\clean\_logs\2026-09-02T04_45_01_014Z-debug-0.log
11 silly logfile done cleaning log files
12 silly packumentCache heap:2197815296 maxSize:549453824 maxEntrySize:274726912
13 silly idealTree buildDeps
14 silly fetch manifest jest@*
15 silly packumentCache full:https://registry.npmjs.org/jest cache-miss
16 http fetch GET https://registry.npmjs.org/jest attempt 1 failed with ECONNRESET
17 http fetch GET https://registry.npmjs.org/jest attempt 2 failed with ECONNRESET
18 http fetch GET https://registry.npmjs.org/jest attempt 3 failed with ECONNRESET
19 silly placeDep ROOT jest@ OK for: ci-cd-learning@1.0.0 want: *
20 verbose type system
21 verbose stack FetchError: request to https://registry.npmjs.org/jest failed, reason: read ECONNRESET
21 verbose stack     at ClientRequest.<anonymous> (C:\Program Files\nodejs\node_modules\npm\node_modules\minipass-fetch\lib\index.js:130:14)
21 verbose stack     at ClientRequest.emit (node:events:519:28)
21 verbose stack     at emitErrorEvent (node:_http_client:107:11)
21 verbose stack     at _destroy (node:_http_client:954:9)
21 verbose stack     at onSocketNT (node:_http_client:974:5)
21 verbose stack     at process.processTicksAndRejections (node:internal/process/task_queues:91:21)
22 error code ECONNRESET
23 error syscall read
24 error errno ECONNRESET
25 error network request to https://registry.npmjs.org/jest failed, reason: read ECONNRESET
26 error network This is a problem related to network connectivity.
26 error network In most cases you are behind a proxy or have bad network settings.
26 error network
26 error network If you are behind a proxy, please make sure that the
26 error network 'proxy' config is set properly.  See: 'npm help config'
27 silly unfinished npm timer reify 1788324302600
28 silly unfinished npm timer reify:loadTrees 1788324302601
29 verbose cwd C:\Users\kasicons479\Desktop\ci-cd-learning
30 verbose os Windows_NT 10.0.26200
31 verbose node v22.21.1
32 verbose npm  v10.9.4
33 verbose exit 1
34 verbose code 1
35 error A complete log of this run can be found in: C:\Users\kasicons479\Desktop\ci-cd-learning\clean\_logs\2026-09-02T04_45_01_014Z-debug-0.log
